// Jest Snapshot v1, https://goo.gl/fbAQLP

exports[`FooterBottom snapshot 1`] = `
Object {
  "asFragment": [Function],
  "baseElement": <body>
    <div>
      <div
        class="footer-bottom"
      >
        <div
          class="footer-bottom"
        >
          <div
            class="container"
          >
            <div
              class="footer-bottom__content"
            >
              <nav
                class="footer-bottom__navigation"
              >
                <ul
                  class="footer-bottom__navigation-list"
                >
                  <li
                    class="footer-bottom__navigation-item"
                  >
                    <a
                      class="footer-bottom__navigation-link"
                      href="/shop"
                    >
                      Home
                    </a>
                  </li>
                  <li
                    class="footer-bottom__navigation-item"
                  >
                    <a
                      class="footer-bottom__navigation-link"
                      href="/shop"
                    >
                      Protfolio
                    </a>
                  </li>
                  <li
                    class="footer-bottom__navigation-item"
                  >
                    <a
                      class="footer-bottom__navigation-link"
                      href="/shop"
                    >
                      Sitemap
                    </a>
                  </li>
                  <li
                    class="footer-bottom__navigation-item"
                  >
                    <a
                      class="footer-bottom__navigation-link"
                      href="/shop"
                    >
                      Contact
                    </a>
                  </li>
                </ul>
              </nav>
              <p
                class="footer-bottom__copyright"
              >
                Musica ©2022 developed by didenko.dma | All Rights Reserved
              </p>
            </div>
          </div>
        </div>
      </div>
    </div>
  </body>,
  "container": <div>
    <div
      class="footer-bottom"
    >
      <div
        class="footer-bottom"
      >
        <div
          class="container"
        >
          <div
            class="footer-bottom__content"
          >
            <nav
              class="footer-bottom__navigation"
            >
              <ul
                class="footer-bottom__navigation-list"
              >
                <li
                  class="footer-bottom__navigation-item"
                >
                  <a
                    class="footer-bottom__navigation-link"
                    href="/shop"
                  >
                    Home
                  </a>
                </li>
                <li
                  class="footer-bottom__navigation-item"
                >
                  <a
                    class="footer-bottom__navigation-link"
                    href="/shop"
                  >
                    Protfolio
                  </a>
                </li>
                <li
                  class="footer-bottom__navigation-item"
                >
                  <a
                    class="footer-bottom__navigation-link"
                    href="/shop"
                  >
                    Sitemap
                  </a>
                </li>
                <li
                  class="footer-bottom__navigation-item"
                >
                  <a
                    class="footer-bottom__navigation-link"
                    href="/shop"
                  >
                    Contact
                  </a>
                </li>
              </ul>
            </nav>
            <p
              class="footer-bottom__copyright"
            >
              Musica ©2022 developed by didenko.dma | All Rights Reserved
            </p>
          </div>
        </div>
      </div>
    </div>
  </div>,
  "debug": [Function],
  "findAllByAltText": [Function],
  "findAllByDisplayValue": [Function],
  "findAllByLabelText": [Function],
  "findAllByPlaceholderText": [Function],
  "findAllByRole": [Function],
  "findAllByTestId": [Function],
  "findAllByText": [Function],
  "findAllByTitle": [Function],
  "findByAltText": [Function],
  "findByDisplayValue": [Function],
  "findByLabelText": [Function],
  "findByPlaceholderText": [Function],
  "findByRole": [Function],
  "findByTestId": [Function],
  "findByText": [Function],
  "findByTitle": [Function],
  "getAllByAltText": [Function],
  "getAllByDisplayValue": [Function],
  "getAllByLabelText": [Function],
  "getAllByPlaceholderText": [Function],
  "getAllByRole": [Function],
  "getAllByTestId": [Function],
  "getAllByText": [Function],
  "getAllByTitle": [Function],
  "getByAltText": [Function],
  "getByDisplayValue": [Function],
  "getByLabelText": [Function],
  "getByPlaceholderText": [Function],
  "getByRole": [Function],
  "getByTestId": [Function],
  "getByText": [Function],
  "getByTitle": [Function],
  "queryAllByAltText": [Function],
  "queryAllByDisplayValue": [Function],
  "queryAllByLabelText": [Function],
  "queryAllByPlaceholderText": [Function],
  "queryAllByRole": [Function],
  "queryAllByTestId": [Function],
  "queryAllByText": [Function],
  "queryAllByTitle": [Function],
  "queryByAltText": [Function],
  "queryByDisplayValue": [Function],
  "queryByLabelText": [Function],
  "queryByPlaceholderText": [Function],
  "queryByRole": [Function],
  "queryByTestId": [Function],
  "queryByText": [Function],
  "queryByTitle": [Function],
  "rerender": [Function],
  "unmount": [Function],
}
`;
