// Jest Snapshot v1, https://goo.gl/fbAQLP

exports[`Icon shapshot 1`] = `
Object {
  "asFragment": [Function],
  "baseElement": <body>
    <div>
      <svg
        fill="#000"
        height="24"
        width="24"
        xmlns="http://www.w3.org/2000/svg"
      >
        <path
          d="M7 22q-.825 0-1.412-.587Q5 20.825 5 20q0-.825.588-1.413Q6.175 18 7 18t1.412.587Q9 19.175 9 20q0 .825-.588 1.413Q7.825 22 7 22Zm10 0q-.825 0-1.412-.587Q15 20.825 15 20q0-.825.588-1.413Q16.175 18 17 18t1.413.587Q19 19.175 19 20q0 .825-.587 1.413Q17.825 22 17 22ZM6.15 6l2.4 5h7l2.75-5ZM5.2 4h14.75q.575 0 .875.512.3.513.025 1.038l-3.55 6.4q-.275.5-.738.775Q16.1 13 15.55 13H8.1L7 15h12v2H7q-1.125 0-1.7-.988-.575-.987-.05-1.962L6.6 11.6 3 4H1V2h3.25Zm3.35 7h7Z"
        />
      </svg>
    </div>
  </body>,
  "container": <div>
    <svg
      fill="#000"
      height="24"
      width="24"
      xmlns="http://www.w3.org/2000/svg"
    >
      <path
        d="M7 22q-.825 0-1.412-.587Q5 20.825 5 20q0-.825.588-1.413Q6.175 18 7 18t1.412.587Q9 19.175 9 20q0 .825-.588 1.413Q7.825 22 7 22Zm10 0q-.825 0-1.412-.587Q15 20.825 15 20q0-.825.588-1.413Q16.175 18 17 18t1.413.587Q19 19.175 19 20q0 .825-.587 1.413Q17.825 22 17 22ZM6.15 6l2.4 5h7l2.75-5ZM5.2 4h14.75q.575 0 .875.512.3.513.025 1.038l-3.55 6.4q-.275.5-.738.775Q16.1 13 15.55 13H8.1L7 15h12v2H7q-1.125 0-1.7-.988-.575-.987-.05-1.962L6.6 11.6 3 4H1V2h3.25Zm3.35 7h7Z"
      />
    </svg>
  </div>,
  "debug": [Function],
  "findAllByAltText": [Function],
  "findAllByDisplayValue": [Function],
  "findAllByLabelText": [Function],
  "findAllByPlaceholderText": [Function],
  "findAllByRole": [Function],
  "findAllByTestId": [Function],
  "findAllByText": [Function],
  "findAllByTitle": [Function],
  "findByAltText": [Function],
  "findByDisplayValue": [Function],
  "findByLabelText": [Function],
  "findByPlaceholderText": [Function],
  "findByRole": [Function],
  "findByTestId": [Function],
  "findByText": [Function],
  "findByTitle": [Function],
  "getAllByAltText": [Function],
  "getAllByDisplayValue": [Function],
  "getAllByLabelText": [Function],
  "getAllByPlaceholderText": [Function],
  "getAllByRole": [Function],
  "getAllByTestId": [Function],
  "getAllByText": [Function],
  "getAllByTitle": [Function],
  "getByAltText": [Function],
  "getByDisplayValue": [Function],
  "getByLabelText": [Function],
  "getByPlaceholderText": [Function],
  "getByRole": [Function],
  "getByTestId": [Function],
  "getByText": [Function],
  "getByTitle": [Function],
  "queryAllByAltText": [Function],
  "queryAllByDisplayValue": [Function],
  "queryAllByLabelText": [Function],
  "queryAllByPlaceholderText": [Function],
  "queryAllByRole": [Function],
  "queryAllByTestId": [Function],
  "queryAllByText": [Function],
  "queryAllByTitle": [Function],
  "queryByAltText": [Function],
  "queryByDisplayValue": [Function],
  "queryByLabelText": [Function],
  "queryByPlaceholderText": [Function],
  "queryByRole": [Function],
  "queryByTestId": [Function],
  "queryByText": [Function],
  "queryByTitle": [Function],
  "rerender": [Function],
  "unmount": [Function],
}
`;
