// Jest Snapshot v1, https://goo.gl/fbAQLP

exports[`PartnersSection snapshot 1`] = `
Object {
  "asFragment": [Function],
  "baseElement": <body>
    <div>
      <section
        class="partners"
      >
        <div
          class="container"
        >
          <div
            class="partners__content"
          >
            <h2>
              Our most important publishers
            </h2>
            <div
              class="partners__list"
            >
              <div
                class="partners__list-item"
              >
                <img
                  alt="PartnerLogo 0"
                  class="partners__item-img"
                  src="img/partners-logo-1.png"
                />
              </div>
              <div
                class="partners__list-item"
              >
                <img
                  alt="PartnerLogo 1"
                  class="partners__item-img"
                  src="img/partners-logo-2.png"
                />
              </div>
              <div
                class="partners__list-item"
              >
                <img
                  alt="PartnerLogo 2"
                  class="partners__item-img"
                  src="img/partners-logo-3.png"
                />
              </div>
              <div
                class="partners__list-item"
              >
                <img
                  alt="PartnerLogo 3"
                  class="partners__item-img"
                  src="img/partners-logo-4.png"
                />
              </div>
              <div
                class="partners__list-item"
              >
                <img
                  alt="PartnerLogo 4"
                  class="partners__item-img"
                  src="img/partners-logo-5.png"
                />
              </div>
              <div
                class="partners__list-item"
              >
                <img
                  alt="PartnerLogo 5"
                  class="partners__item-img"
                  src="img/partners-logo-6.png"
                />
              </div>
            </div>
          </div>
        </div>
      </section>
    </div>
  </body>,
  "container": <div>
    <section
      class="partners"
    >
      <div
        class="container"
      >
        <div
          class="partners__content"
        >
          <h2>
            Our most important publishers
          </h2>
          <div
            class="partners__list"
          >
            <div
              class="partners__list-item"
            >
              <img
                alt="PartnerLogo 0"
                class="partners__item-img"
                src="img/partners-logo-1.png"
              />
            </div>
            <div
              class="partners__list-item"
            >
              <img
                alt="PartnerLogo 1"
                class="partners__item-img"
                src="img/partners-logo-2.png"
              />
            </div>
            <div
              class="partners__list-item"
            >
              <img
                alt="PartnerLogo 2"
                class="partners__item-img"
                src="img/partners-logo-3.png"
              />
            </div>
            <div
              class="partners__list-item"
            >
              <img
                alt="PartnerLogo 3"
                class="partners__item-img"
                src="img/partners-logo-4.png"
              />
            </div>
            <div
              class="partners__list-item"
            >
              <img
                alt="PartnerLogo 4"
                class="partners__item-img"
                src="img/partners-logo-5.png"
              />
            </div>
            <div
              class="partners__list-item"
            >
              <img
                alt="PartnerLogo 5"
                class="partners__item-img"
                src="img/partners-logo-6.png"
              />
            </div>
          </div>
        </div>
      </div>
    </section>
  </div>,
  "debug": [Function],
  "findAllByAltText": [Function],
  "findAllByDisplayValue": [Function],
  "findAllByLabelText": [Function],
  "findAllByPlaceholderText": [Function],
  "findAllByRole": [Function],
  "findAllByTestId": [Function],
  "findAllByText": [Function],
  "findAllByTitle": [Function],
  "findByAltText": [Function],
  "findByDisplayValue": [Function],
  "findByLabelText": [Function],
  "findByPlaceholderText": [Function],
  "findByRole": [Function],
  "findByTestId": [Function],
  "findByText": [Function],
  "findByTitle": [Function],
  "getAllByAltText": [Function],
  "getAllByDisplayValue": [Function],
  "getAllByLabelText": [Function],
  "getAllByPlaceholderText": [Function],
  "getAllByRole": [Function],
  "getAllByTestId": [Function],
  "getAllByText": [Function],
  "getAllByTitle": [Function],
  "getByAltText": [Function],
  "getByDisplayValue": [Function],
  "getByLabelText": [Function],
  "getByPlaceholderText": [Function],
  "getByRole": [Function],
  "getByTestId": [Function],
  "getByText": [Function],
  "getByTitle": [Function],
  "queryAllByAltText": [Function],
  "queryAllByDisplayValue": [Function],
  "queryAllByLabelText": [Function],
  "queryAllByPlaceholderText": [Function],
  "queryAllByRole": [Function],
  "queryAllByTestId": [Function],
  "queryAllByText": [Function],
  "queryAllByTitle": [Function],
  "queryByAltText": [Function],
  "queryByDisplayValue": [Function],
  "queryByLabelText": [Function],
  "queryByPlaceholderText": [Function],
  "queryByRole": [Function],
  "queryByTestId": [Function],
  "queryByText": [Function],
  "queryByTitle": [Function],
  "rerender": [Function],
  "unmount": [Function],
}
`;
